
Allocating common symbols
Common symbol       size              file

gp                  0x6               build/libs/gdt.o
idtp                0x6               build/libs/idt.o
gdt                 0x18              build/libs/gdt.o
v_magic             0x4               build/kernel/kernel.o
idt                 0x800             build/libs/idt.o
v_addr              0x4               build/kernel/kernel.o
textmemptr          0x4               build/libs/scrn.o

Memory Configuration

Name             Origin             Length             Attributes
*default*        0x0000000000000000 0xffffffffffffffff

Linker script and memory map

                0x0000000000100000                . = 0x100000

.multiboot      0x0000000000100000        0xc
 *(.multiboot)
 .multiboot     0x0000000000100000        0xc build/bootloader/loader.o

.text           0x0000000000101000     0x1cf1
 *(.text)
 .text          0x0000000000101000      0x1e2 build/bootloader/idt.o
                0x0000000000101000                gdt_flush
                0x000000000010101d                idt_load
                0x0000000000101025                isr0
                0x000000000010102f                isr1
                0x0000000000101039                isr2
                0x0000000000101043                isr3
                0x000000000010104d                isr4
                0x0000000000101057                isr5
                0x0000000000101061                isr6
                0x000000000010106b                isr7
                0x0000000000101075                isr8
                0x000000000010107d                isr9
                0x0000000000101087                isr10
                0x000000000010108f                isr11
                0x0000000000101097                isr12
                0x000000000010109f                isr13
                0x00000000001010a4                isr14
                0x00000000001010a9                isr15
                0x00000000001010b0                isr16
                0x00000000001010b7                isr17
                0x00000000001010be                isr18
                0x00000000001010c5                isr19
                0x00000000001010cc                isr20
                0x00000000001010d3                isr21
                0x00000000001010da                isr22
                0x00000000001010e1                isr23
                0x00000000001010e8                isr24
                0x00000000001010ef                isr25
                0x00000000001010f6                isr26
                0x00000000001010fd                isr27
                0x0000000000101104                isr28
                0x000000000010110b                isr29
                0x0000000000101112                isr30
                0x0000000000101119                isr31
                0x0000000000101149                irq0
                0x0000000000101150                irq1
                0x0000000000101157                irq2
                0x000000000010115e                irq3
                0x0000000000101165                irq4
                0x000000000010116c                irq5
                0x0000000000101173                irq6
                0x000000000010117a                irq7
                0x0000000000101181                irq8
                0x0000000000101188                irq9
                0x000000000010118f                irq10
                0x0000000000101196                irq11
                0x000000000010119d                irq12
                0x00000000001011a4                irq13
                0x00000000001011ab                irq14
                0x00000000001011b2                irq15
 *fill*         0x00000000001011e2        0x2 00
 .text          0x00000000001011e4       0x41 build/kernel/kernel.o
                0x00000000001011e4                main
 *fill*         0x0000000000101225        0x3 00
 .text          0x0000000000101228      0x1d8 build/libs/base.o
                0x0000000000101228                memcpy
                0x000000000010125a                memset
                0x0000000000101287                memsetw
                0x00000000001012b7                strlen
                0x00000000001012da                inportb
                0x0000000000101302                outportb
                0x000000000010131e                strcmp
                0x0000000000101362                strncmp
                0x00000000001013bf                strncpy
 .text          0x0000000000101400      0x37a build/libs/funcs.o
                0x0000000000101400                help
                0x0000000000101445                freemem
                0x0000000000101696                info
                0x00000000001016d4                reboot
                0x00000000001016f0                makefunc
 *fill*         0x000000000010177a        0x2 00
 .text          0x000000000010177c      0x138 build/libs/gdt.o
                0x000000000010177c                gdt_set_gate
                0x0000000000101810                gdt_install
 .text          0x00000000001018b4       0xa1 build/libs/idt.o
                0x00000000001018b4                idt_set_gate
                0x0000000000101919                idt_install
 *fill*         0x0000000000101955        0x3 00
 .text          0x0000000000101958      0x3b1 build/libs/irq.o
                0x0000000000101958                irq_install_handler
                0x000000000010196a                irq_uninstall_handler
                0x000000000010197d                irq_remap
                0x0000000000101a4d                irq_install
                0x0000000000101caa                irq_handler
 *fill*         0x0000000000101d09        0x3 00
 .text          0x0000000000101d0c      0x4dc build/libs/isrs.o
                0x0000000000101d0c                isrs_install
                0x00000000001021b4                fault_handler
 .text          0x00000000001021e8      0x22a build/libs/kb.o
                0x00000000001021e8                keyboard_handler
                0x00000000001023f6                keyboard_install
 *fill*         0x0000000000102412        0x2 00
 .text          0x0000000000102414      0x7c6 build/libs/scrn.o
                0x0000000000102414                scroll
                0x00000000001024c9                move_csr
                0x0000000000102544                move_csr_back
                0x00000000001025c2                cls
                0x0000000000102637                putch
                0x0000000000102729                puts
                0x0000000000102760                prints
                0x000000000010278b                printc
                0x00000000001027a7                printhex
                0x00000000001027f7                printnum
                0x0000000000102846                settextcolor
                0x0000000000102871                init_video
                0x0000000000102888                wait_com
                0x00000000001028b0                clear_line
                0x0000000000102913                refresh_com
                0x00000000001029a6                insert_char
                0x0000000000102a27                delete_char
                0x0000000000102ab9                backspace_char
                0x0000000000102b53                alert
 *fill*         0x0000000000102bda        0x2 00
 .text          0x0000000000102bdc       0x6c build/libs/timer.o
                0x0000000000102bdc                timer_handler
                0x0000000000102c0e                timer_wait
                0x0000000000102c2c                timer_install
 .text          0x0000000000102c48       0xa9 build/stdlib/itoa.o
                0x0000000000102c48                itoa

.iplt           0x0000000000102d00        0x0
 .iplt          0x0000000000000000        0x0 build/bootloader/idt.o

.rodata         0x0000000000103000      0x47c
 *(.rodata*)
 .rodata        0x0000000000103000      0x159 build/libs/funcs.o
 .rodata        0x0000000000103159      0x158 build/libs/isrs.o
 *fill*         0x00000000001032b1        0x3 00
 .rodata        0x00000000001032b4      0x118 build/libs/kb.o
 .rodata        0x00000000001033cc       0x51 build/libs/scrn.o
 .rodata        0x000000000010341d       0x17 build/libs/timer.o
 .rodata        0x0000000000103434       0x48 build/stdlib/itoa.o

.text:          0x000000000010347c       0x11
 .text:         0x000000000010347c       0x11 build/bootloader/loader.o
                0x000000000010347c                loader

.rel.dyn        0x0000000000103490        0x0
 .rel.iplt      0x0000000000000000        0x0 build/bootloader/idt.o
 .rel.text      0x0000000000000000        0x0 build/bootloader/idt.o
 .rel.text:     0x0000000000000000        0x0 build/bootloader/idt.o

.data           0x0000000000104000      0x114
 *(.data)
 .data          0x0000000000104000        0x0 build/kernel/kernel.o
 .data          0x0000000000104000        0x0 build/libs/base.o
 .data          0x0000000000104000        0x0 build/libs/funcs.o
 .data          0x0000000000104000        0x0 build/libs/gdt.o
 .data          0x0000000000104000        0x0 build/libs/idt.o
 .data          0x0000000000104000        0x0 build/libs/irq.o
 .data          0x0000000000104000       0x80 build/libs/isrs.o
                0x0000000000104000                exception_messages
 .data          0x0000000000104080       0x80 build/libs/kb.o
                0x0000000000104080                kbdus
 .data          0x0000000000104100       0x14 build/libs/scrn.o
                0x0000000000104100                attrib
                0x0000000000104104                init_line
                0x0000000000104110                init_len
 .data          0x0000000000104114        0x0 build/libs/timer.o
 .data          0x0000000000104114        0x0 build/stdlib/itoa.o

.igot.plt       0x0000000000104114        0x0
 .igot.plt      0x0000000000000000        0x0 build/bootloader/idt.o

.bss            0x0000000000105000     0x1a04
 *(COMMON)
 COMMON         0x0000000000105000        0x8 build/kernel/kernel.o
                0x0000000000105000                v_magic
                0x0000000000105004                v_addr
 COMMON         0x0000000000105008       0x1e build/libs/gdt.o
                0x0000000000105008                gp
                0x000000000010500e                gdt
 *fill*         0x0000000000105026       0x1a 00
 COMMON         0x0000000000105040      0x820 build/libs/idt.o
                0x0000000000105040                idtp
                0x0000000000105060                idt
 COMMON         0x0000000000105860        0x4 build/libs/scrn.o
                0x0000000000105860                textmemptr
 *(.bss)
 .bss           0x0000000000105864     0x1000 build/bootloader/loader.o
 .bss           0x0000000000106864        0x0 build/kernel/kernel.o
 .bss           0x0000000000106864        0x0 build/libs/base.o
 .bss           0x0000000000106864        0x0 build/libs/funcs.o
 .bss           0x0000000000106864        0x0 build/libs/gdt.o
 .bss           0x0000000000106864        0x0 build/libs/idt.o
 *fill*         0x0000000000106864       0x1c 00
 .bss           0x0000000000106880       0x40 build/libs/irq.o
                0x0000000000106880                irq_routines
 .bss           0x00000000001068c0        0x0 build/libs/isrs.o
 .bss           0x00000000001068c0        0x4 build/libs/kb.o
                0x00000000001068c0                shift_flag
 *fill*         0x00000000001068c4       0x1c 00
 .bss           0x00000000001068e0      0x120 build/libs/scrn.o
                0x00000000001068e0                csr_x
                0x00000000001068e4                csr_y
                0x00000000001068e8                com_len
                0x00000000001068ec                start_line
                0x0000000000106900                line
 .bss           0x0000000000106a00        0x4 build/libs/timer.o
                0x0000000000106a00                timer_ticks
 .bss           0x0000000000106a04        0x0 build/stdlib/itoa.o
 *(.stack_begin)
LOAD build/bootloader/idt.o
LOAD build/bootloader/loader.o
LOAD build/kernel/kernel.o
LOAD build/libs/base.o
LOAD build/libs/funcs.o
LOAD build/libs/gdt.o
LOAD build/libs/idt.o
LOAD build/libs/irq.o
LOAD build/libs/isrs.o
LOAD build/libs/kb.o
LOAD build/libs/scrn.o
LOAD build/libs/timer.o
LOAD build/stdlib/itoa.o
OUTPUT(iso/boot/kernel.elf elf32-i386)

.comment        0x0000000000000000       0x2a
 .comment       0x0000000000000000       0x2a build/kernel/kernel.o
                                         0x2b (size before relaxing)
 .comment       0x0000000000000000       0x2b build/libs/base.o
 .comment       0x0000000000000000       0x2b build/libs/funcs.o
 .comment       0x0000000000000000       0x2b build/libs/gdt.o
 .comment       0x0000000000000000       0x2b build/libs/idt.o
 .comment       0x0000000000000000       0x2b build/libs/irq.o
 .comment       0x0000000000000000       0x2b build/libs/isrs.o
 .comment       0x0000000000000000       0x2b build/libs/kb.o
 .comment       0x0000000000000000       0x2b build/libs/scrn.o
 .comment       0x0000000000000000       0x2b build/libs/timer.o
 .comment       0x0000000000000000       0x2b build/stdlib/itoa.o

.note.GNU-stack
                0x0000000000000000        0x0
 .note.GNU-stack
                0x0000000000000000        0x0 build/kernel/kernel.o
 .note.GNU-stack
                0x0000000000000000        0x0 build/libs/base.o
 .note.GNU-stack
                0x0000000000000000        0x0 build/libs/funcs.o
 .note.GNU-stack
                0x0000000000000000        0x0 build/libs/gdt.o
 .note.GNU-stack
                0x0000000000000000        0x0 build/libs/idt.o
 .note.GNU-stack
                0x0000000000000000        0x0 build/libs/irq.o
 .note.GNU-stack
                0x0000000000000000        0x0 build/libs/isrs.o
 .note.GNU-stack
                0x0000000000000000        0x0 build/libs/kb.o
 .note.GNU-stack
                0x0000000000000000        0x0 build/libs/scrn.o
 .note.GNU-stack
                0x0000000000000000        0x0 build/libs/timer.o
 .note.GNU-stack
                0x0000000000000000        0x0 build/stdlib/itoa.o
